<main>
    <article>
        
        <div class="contents">
            <h1>Hello there test!</h1>


            <hr>

            
            3
        </div>
            </article>
</main>

