<!doctype html>
<html class="no-js" lang="">
    <head>
        <meta charset="utf-8">
        <meta http-equiv="x-ua-compatible" content="ie=edge">
        <title></title>
        <meta name="description" content="">
        <meta name="viewport" content="width=device-width, initial-scale=1">
    </head>
    <body>
        <!--[if lte IE 9]>
            <p class="browserupgrade">You are using an <strong>outdated</strong> browser. Please <a href="https://browsehappy.com/">upgrade your browser</a> to improve your experience and security.</p>
        <![endif]-->
        <main>
                <article>
        <h3>Team</h3>
        <section class="lede">
            
        </section>
        
<section class="team-listing">
    <article class="person">
    <h3 class="fn">​Rob Loach</h3>
    <figure class="photo">
        <img src="https://gathercontent-production-uploads.s3.amazonaws.com/1516322243_8089_a4e627df7e8d83c5b27c72639c0b2240" alt="">    </figure>
    <div class="bio">
        <p>
    Jazz.
</p>
    </div>
</article>    <article class="person">
    <h3 class="fn">​Josh Walker</h3>
    <figure class="photo">
        <img src="https://gathercontent-production-uploads.s3.amazonaws.com/1516322544_8409_ac208c474e90cd6dfc2f66d0339683b8" alt="">    </figure>
    <div class="bio">
        <p>
    Metalclysmic
</p>
    </div>
</article>    <article class="person">
    <h3 class="fn">Kenneth Lo</h3>
    <figure class="photo">
        <img src="https://gathercontent-production-uploads.s3.amazonaws.com/1516322105_8468_8684fd5e8de63b45709a98d70fcac98e" alt="">    </figure>
    <div class="bio">
        <p>
    You know, a person, like pretty much most of us.
</p>
    </div>
</article></section>    </article>
        </main>
    </body>
</html>


