<main>
    <article>
        <article class="team-listing">
    <h2></h2>
    <section class="content"></section>
</article>
    </article>
</main>
