<article id="page-4416626">
    <main class="about-us" data-id="4416626">
        <h1 class="about-us--title">About Us</h1>
    </main>
</article>