<main>
    <article>
        
        <div class="contents">
            <p>
    test article content
</p>


            <hr>

            
            3
        </div>
            </article>
</main>

