<main>
    <article>
                <div class="contents">
            <p>
    About Content - Lorem ipsum dolor sit amet consectetur adipisicing elit. Repudiandae praesentium, accusamus voluptatum, doloribus aspernatur blanditiis aperiam similique ratione eius ipsam, corrupti maxime provident cupiditate possimus in sapiente nisi iure consequuntur?
</p>

        </div>
            </article>
</main>
